<html>
<body>
<pre>
<h1>礦ision Build Log</h1>
<h2>Tool Versions:</h2>
IDE-Version: μVision V5.23.0.0
Copyright (C) 2017 ARM Ltd and ARM Germany GmbH. All rights reserved.
License Information: 1 1, 1, LIC=HN0AE-5VZQP-FW92N-YQVH9-0EQB7-TCHRV
 
Tool Versions:
Toolchain:       MDK-ARM Plus  Version: 5.23
Toolchain Path:  D:\Tools\Keil5\ARM\ARMCC\Bin
C Compiler:      Armcc.exe V5.06 update 4 (build 422)
Assembler:       Armasm.exe V5.06 update 4 (build 422)
Linker/Locator:  ArmLink.exe V5.06 update 4 (build 422)
Library Manager: ArmAr.exe V5.06 update 4 (build 422)
Hex Converter:   FromElf.exe V5.06 update 4 (build 422)
CPU DLL:         SARMCM3.DLL V5.23
Dialog DLL:      DCM.DLL V1.15.0.0
Target DLL:      Segger\JL2CM3.dll V2.99.23.0
Dialog DLL:      TCM.DLL V1.27.0.0
 
<h2>Project:</h2>
E:\桌面\2021.5\51黑论坛_基于STM32_INA219电流电压检测\INA219例程\project.uvprojx
Project File Date:  06/06/2021

<h2>Output:</h2>
*** Using Compiler 'V5.06 update 4 (build 422)', folder: 'D:\Tools\Keil5\ARM\ARMCC\Bin'
Build target 'project'
compiling ina226.c...
Hardware\INA226\ina226.c(168): warning:  #223-D: function "INA_Read_Byte_s" declared implicitly
  	INA_Read_Byte_s(Shunt_V_Reg,data_temp);
Hardware\INA226\ina226.c(175): warning:  #223-D: function "INA_Read_Byte_s" declared implicitly
  	INA_Read_Byte_s(Current_Reg,data_temp);
Hardware\INA226\ina226.c(177): warning:  #1-D: last line of file ends without a newline
  }
Hardware\INA226\ina226.c: 3 warnings, 0 errors
compiling mian.c...
User\mian.c(30): warning:  #223-D: function "INA226_Init" declared implicitly
      INA226_Init();
User\mian.c(42): warning:  #223-D: function "INA226_GET_Voltage_MV" declared implicitly
  	voltage_mv=INA226_GET_Voltage_MV();
User\mian.c(44): warning:  #223-D: function "INA226_GET_Current_MA" declared implicitly
  	Current_ma=INA226_GET_Current_MA();
User\mian.c: 3 warnings, 0 errors
linking...
Program Size: Code=3060 RO-data=336 RW-data=40 ZI-data=1632  
FromELF: creating hex file...
".\Objects\project.axf" - 0 Error(s), 6 Warning(s).

<h2>Collection of Component include folders:</h2>
  .\RTE\_project
  D:\Tools\Keil5\ARM\PACK\Keil\STM32F1xx_DFP\1.1.0\Device\Include

<h2>Collection of Component Files used:</h2>
Build Time Elapsed:  00:00:02
</pre>
</body>
</html>
